# BUSCO version is: 3.0.2 
# The lineage dataset is: sample dataset BUSCO 2.0 (Creation date: 07.10.2016, number of species: 23, number of BUSCOs: 10)
# To reproduce this run: python /software/applications/busco/3.0.2/scripts/run_BUSCO.py -i /var/lib/cwl/stg36c99f7d-ff4b-4f69-9a81-a7540bb7206a/test_transcripts.fasta -o TEST -l /var/lib/cwl/stg992b3a7b-9709-4872-ac02-ccbe4608fe2f/example/ -m transcriptome -c 1
#
# Busco id	Status	Sequence	Score	Length
BUSCO_1	Missing
BUSCO_10	Missing
BUSCO_2	Missing
BUSCO_3	Missing
BUSCO_4	Missing
BUSCO_5	Missing
BUSCO_6	Missing
BUSCO_7	Missing
BUSCO_8	Missing
BUSCO_9	Missing
