# BUSCO version is: 3.0.2 
# The lineage dataset is: sample dataset BUSCO 2.0 (Creation date: 07.10.2016, number of species: 23, number of BUSCOs: 10)
# To reproduce this run: python /software/applications/busco/3.0.2/scripts/run_BUSCO.py -i /var/lib/cwl/stg36c99f7d-ff4b-4f69-9a81-a7540bb7206a/test_transcripts.fasta -o TEST -l /var/lib/cwl/stg992b3a7b-9709-4872-ac02-ccbe4608fe2f/example/ -m transcriptome -c 1
#
# Summarized benchmarking in BUSCO notation for file /var/lib/cwl/stg36c99f7d-ff4b-4f69-9a81-a7540bb7206a/test_transcripts.fasta
# BUSCO was run in mode: transcriptome

	C:0.0%[S:0.0%,D:0.0%],F:0.0%,M:100.0%,n:10

	0	Complete BUSCOs (C)
	0	Complete and single-copy BUSCOs (S)
	0	Complete and duplicated BUSCOs (D)
	0	Fragmented BUSCOs (F)
	10	Missing BUSCOs (M)
	10	Total BUSCO groups searched
