# TBLASTN 2.4.0+
# Query: BUSCO_3_1
# Database: ./tmp/TEST_2600197311
# 0 hits found
# TBLASTN 2.4.0+
# Query: BUSCO_4_1
# Database: ./tmp/TEST_2600197311
# 0 hits found
# TBLASTN 2.4.0+
# Query: BUSCO_6_1
# Database: ./tmp/TEST_2600197311
# 0 hits found
# TBLASTN 2.4.0+
# Query: BUSCO_2_1
# Database: ./tmp/TEST_2600197311
# 0 hits found
# TBLASTN 2.4.0+
# Query: BUSCO_5_1
# Database: ./tmp/TEST_2600197311
# 0 hits found
# TBLASTN 2.4.0+
# Query: BUSCO_1_1
# Database: ./tmp/TEST_2600197311
# 0 hits found
# TBLASTN 2.4.0+
# Query: BUSCO_7_1
# Database: ./tmp/TEST_2600197311
# 0 hits found
# TBLASTN 2.4.0+
# Query: BUSCO_8_1
# Database: ./tmp/TEST_2600197311
# 0 hits found
# TBLASTN 2.4.0+
# Query: BUSCO_9_1
# Database: ./tmp/TEST_2600197311
# 0 hits found
# TBLASTN 2.4.0+
# Query: BUSCO_10_1
# Database: ./tmp/TEST_2600197311
# 0 hits found
# BLAST processed 10 queries
